<html>
<body>
<pre>
<h1>µVision Build Log</h1>
<h2>Tool Versions:</h2>
IDE-Version: ¦ÌVision V5.29.0.0
Copyright (C) 2019 ARM Ltd and ARM Germany GmbH. All rights reserved.
License Information: wwj wwj, sdu, LIC=----
 
Tool Versions:
Toolchain:       MDK-Lite  Version: 5.29.0.0
Toolchain Path:  C:\Keil_v5\ARM\ARMCC\Bin
C Compiler:      Armcc.exe V5.06 update 6 (build 750)
Assembler:       Armasm.exe V5.06 update 6 (build 750)
Linker/Locator:  ArmLink.exe V5.06 update 6 (build 750)
Library Manager: ArmAr.exe V5.06 update 6 (build 750)
Hex Converter:   FromElf.exe V5.06 update 6 (build 750)
CPU DLL:         SARMCM3.DLL V5.29.0.0
Dialog DLL:      DARMSTM.DLL V1.68.0.0
Target DLL:      UL2CM3.DLL V1.163.0.0
Dialog DLL:      TARMSTM.DLL V1.66.0.0
 
<h2>Project:</h2>
C:\Users\wwj\work\class\code\labs\clean\lab2\lab.uvproj
Project File Date:  04/11/2020

<h2>Output:</h2>
*** Using Compiler 'V5.06 update 6 (build 750)', folder: 'C:\Keil_v5\ARM\ARMCC\Bin'
Rebuild target 'template'
assembling startup_stm32f10x_md.s...
assembling user_asm.s...
assembling os_cpu_a.asm...
compiling os_cpu_c.c...
compiling system_stm32f10x.c...
compiling stm32f10x_rcc.c...
compiling os_core.c...
compiling misc.c...
compiling user_c.c...
compiling stm32f10x_exti.c...
compiling os_dbg.c...
compiling main.c...
compiling stm32f10x_it.c...
compiling stm32f10x_gpio.c...
compiling os_flag.c...
compiling stm32f10x_flash.c...
compiling os_mbox.c...
compiling os_mem.c...
compiling os_q.c...
compiling os_mutex.c...
compiling os_tmr.c...
compiling os_time.c...
compiling os_sem.c...
compiling os_task.c...
linking...
Program Size: Code=8946 RO-data=526 RW-data=100 ZI-data=5348  
".\output\template.axf" - 0 Error(s), 0 Warning(s).
Build Time Elapsed:  00:00:03
</pre>
</body>
</html>
