<html>
<body>
<pre>
<h1>µVision Build Log</h1>
<h2>Tool Versions:</h2>
IDE-Version: ¦ÌVision V5.36.0.0
Copyright (C) 2021 ARM Ltd and ARM Germany GmbH. All rights reserved.
License Information: aaa zypho, aaa, LIC=----
 
Tool Versions:
Toolchain:       MDK-Lite  Version: 5.36.0.0
Toolchain Path:  F:\Program Files\Keil_v5\ARM\ARMCC\Bin
C Compiler:      Armcc.exe V5.06 update 7 (build 960)
Assembler:       Armasm.exe V5.06 update 7 (build 960)
Linker/Locator:  ArmLink.exe V5.06 update 7 (build 960)
Library Manager: ArmAr.exe V5.06 update 7 (build 960)
Hex Converter:   FromElf.exe V5.06 update 7 (build 960)
CPU DLL:         SARMCM3.DLL V5.36.0.0
Dialog DLL:      DARMSTM.DLL V1.68.0.0
Target DLL:      UL2CM3.DLL V1.164.0.0
Dialog DLL:      TARMSTM.DLL V1.66.0.0
 
<h2>Project:</h2>
C:\Users\zypho\Desktop\lab1_demo\lab1\lab1.uvproj
Project File Date:  02/21/2022

<h2>Output:</h2>
*** Using Compiler 'V5.06 update 7 (build 960)', folder: 'F:\Program Files\Keil_v5\ARM\ARMCC\Bin'
Rebuild target 'template'
compiling os_core.c...
assembling startup_stm32f10x_md.s...
compiling os_cpu_c.c...
assembling user_asm.s...
user_asm.s(24): warning: A1865W: '#' not seen before constant expression
user_asm.s(28): warning: A1865W: '#' not seen before constant expression
compiling os_flag.c...
assembling os_cpu_a.asm...
compiling os_mbox.c...
compiling os_dbg.c...
compiling system_stm32f10x.c...
compiling misc.c...
compiling os_mem.c...
compiling stm32f10x_rcc.c...
compiling os_mutex.c...
compiling stm32f10x_it.c...
compiling os_q.c...
compiling main.c...
main.c(48): warning:  #177-D: function "systick_init"  was declared but never referenced
  static void systick_init(void) 
main.c(57): warning:  #177-D: function "syscall_systick_init"  was declared but never referenced
  static void syscall_systick_init(void) 
main.c: 2 warnings, 0 errors
compiling stm32f10x_exti.c...
compiling stm32f10x_flash.c...
compiling stm32f10x_gpio.c...
compiling os_sem.c...
compiling os_time.c...
compiling os_tmr.c...
compiling os_task.c...
linking...
Program Size: Code=9054 RO-data=526 RW-data=104 ZI-data=4664  
".\output\template.axf" - 0 Error(s), 4 Warning(s).
Build Time Elapsed:  00:00:01
</pre>
</body>
</html>
